// Jest Snapshot v1, https://goo.gl/fbAQLP

exports[`profile actions fillUsers 1`] = `
Object {
  "payload": Object {
    "avatar": "TEST_AVATAR",
    "firstName": "Walter",
    "id": "TEST_ID",
    "lastName": "White",
    "token": "TEST_TOKEN",
  },
  "type": "FILL_PROFILE",
}
`;
